    --------- beginning of main
08-20 17:57:40.585  11879-11879/com.serenegiant.flightdemo V/MainActivity﹕ onDrawerOpened:
08-20 17:57:43.588  11879-11879/com.serenegiant.flightdemo V/MainActivity﹕ mHideSideMenuTask#run
08-20 17:57:44.108  11879-11879/com.serenegiant.flightdemo V/MainActivity﹕ onSideMenuHide:
08-20 17:57:44.109  11879-11879/com.serenegiant.flightdemo V/MainActivity﹕ closeSideMenu:
08-20 17:57:44.515  11879-11879/com.serenegiant.flightdemo V/MainActivity﹕ onDrawerClosed:
08-20 17:57:45.365  11879-11879/com.serenegiant.flightdemo V/MainActivity﹕ onDrawerOpened:
08-20 17:57:46.304  11879-11879/com.serenegiant.flightdemo V/PilotFragment﹕ onItemClick:0
08-20 17:57:46.305  11879-11879/com.serenegiant.flightdemo V/MainActivity﹕ closeSideMenu:
08-20 17:57:46.305  11879-11879/com.serenegiant.flightdemo V/PilotFragment﹕ startScript:
08-20 17:57:46.352  11879-11963/com.serenegiant.flightdemo I/Script﹕ parse finished
08-20 17:57:46.352  11879-11963/com.serenegiant.flightdemo V/PilotFragment﹕ mAutoFlightListener#onPrepared:
08-20 17:57:46.352  11879-11963/com.serenegiant.flightdemo V/PilotFragment﹕ mAutoFlightListener#onStart:
08-20 17:57:46.355  11879-11963/com.serenegiant.flightdemo V/ScriptFlight﹕ execute takeoff:[]
08-20 17:57:46.355  11879-11963/com.serenegiant.flightdemo V/PilotFragment﹕ mAutoFlightListener#onStep:cmd=1,v=0,t=3
08-20 17:57:46.358  11879-11963/com.serenegiant.flightdemo V/ScriptVisitorImpl﹕ execute wait:[(val=1000,modifiers=00200004)]
08-20 17:57:46.517  11879-11879/com.serenegiant.flightdemo D/BluetoothAdapter﹕ startLeScan(): null
08-20 17:57:46.523  11879-11896/com.serenegiant.flightdemo D/BluetoothLeScanner﹕ onClientRegistered() - status=0 clientIf=6
08-20 17:57:46.709  11879-11879/com.serenegiant.flightdemo V/MainActivity﹕ onDrawerClosed:
08-20 17:57:47.358  11879-11963/com.serenegiant.flightdemo V/ScriptFlight﹕ execute move:[(val=0,modifiers=00000002), (val=0,modifiers=00000002), (val=100,modifiers=00000002), (val=0,modifiers=00000002)]
08-20 17:57:47.359  11879-11963/com.serenegiant.flightdemo V/PilotFragment﹕ mAutoFlightListener#onStep:cmd=3,v=100,t=1006
08-20 17:57:47.360  11879-11963/com.serenegiant.flightdemo V/ScriptVisitorImpl﹕ execute wait:[(val=100.0,modifiers=00000040)]
08-20 17:57:47.461  11879-11963/com.serenegiant.flightdemo V/ScriptFlight﹕ execute move:[(val=0,modifiers=00000002), (val=0,modifiers=00000002), (val=0,modifiers=00000002), (val=0,modifiers=00000002)]
08-20 17:57:47.461  11879-11963/com.serenegiant.flightdemo V/PilotFragment﹕ mAutoFlightListener#onStep:cmd=3,v=0,t=1109
08-20 17:57:47.462  11879-11963/com.serenegiant.flightdemo V/ScriptVisitorImpl﹕ execute wait:[(val=1000,modifiers=00200004)]
08-20 17:57:48.463  11879-11963/com.serenegiant.flightdemo V/ScriptVisitorImpl﹕ execute sin:[(val=1.5707963267948966,modifiers=00000040)]
08-20 17:57:48.463  11879-11963/com.serenegiant.flightdemo V/ScriptVisitorImpl﹕ execute cos:[(val=1.5707963267948966,modifiers=00000040)]
08-20 17:57:48.463  11879-11963/com.serenegiant.flightdemo V/ScriptVisitorImpl﹕ execute sin:[(val=1.5707963267948966,modifiers=00000040)]
08-20 17:57:48.464  11879-11963/com.serenegiant.flightdemo V/ScriptVisitorImpl﹕ execute cos:[(val=1.5707963267948966,modifiers=00000040)]
08-20 17:57:48.464  11879-11963/com.serenegiant.flightdemo V/ScriptFlight﹕ execute move:[(val=0.0,modifiers=00000040), (val=0.0,modifiers=00000040), (val=0,modifiers=00000002), (val=0,modifiers=00000002)]
08-20 17:57:48.464  11879-11963/com.serenegiant.flightdemo V/ScriptVisitorImpl﹕ execute wait:[(val=416,modifiers=00000010)]
08-20 17:57:48.882  11879-11963/com.serenegiant.flightdemo V/ScriptVisitorImpl﹕ execute sin:[(val=2.0943951023931953,modifiers=00000040)]
08-20 17:57:48.882  11879-11963/com.serenegiant.flightdemo V/ScriptVisitorImpl﹕ execute cos:[(val=2.0943951023931953,modifiers=00000040)]
08-20 17:57:48.882  11879-11963/com.serenegiant.flightdemo V/ScriptFlight﹕ execute move:[(val=-10.717967697244902,modifiers=00000040), (val=-49.999999999999986,modifiers=00000040), (val=0,modifiers=00000002), (val=0,modifiers=00000002)]
08-20 17:57:48.882  11879-11963/com.serenegiant.flightdemo V/PilotFragment﹕ mAutoFlightListener#onStep:cmd=4,v=-10,t=2530
08-20 17:57:48.883  11879-11963/com.serenegiant.flightdemo V/PilotFragment﹕ mAutoFlightListener#onStep:cmd=5,v=-49,t=2530
08-20 17:57:48.883  11879-11963/com.serenegiant.flightdemo V/ScriptVisitorImpl﹕ execute wait:[(val=416,modifiers=00000010)]
08-20 17:57:49.301  11879-11963/com.serenegiant.flightdemo V/ScriptVisitorImpl﹕ execute sin:[(val=2.617993877991494,modifiers=00000040)]
08-20 17:57:49.301  11879-11963/com.serenegiant.flightdemo V/ScriptVisitorImpl﹕ execute cos:[(val=2.617993877991494,modifiers=00000040)]
08-20 17:57:49.302  11879-11963/com.serenegiant.flightdemo V/ScriptFlight﹕ execute move:[(val=-29.28203230275507,modifiers=00000040), (val=-36.60254037844387,modifiers=00000040), (val=0,modifiers=00000002), (val=0,modifiers=00000002)]
08-20 17:57:49.302  11879-11963/com.serenegiant.flightdemo V/PilotFragment﹕ mAutoFlightListener#onStep:cmd=4,v=-29,t=2950
08-20 17:57:49.303  11879-11963/com.serenegiant.flightdemo V/PilotFragment﹕ mAutoFlightListener#onStep:cmd=5,v=-36,t=2951
08-20 17:57:49.303  11879-11963/com.serenegiant.flightdemo V/ScriptVisitorImpl﹕ execute wait:[(val=416,modifiers=00000010)]
08-20 17:57:49.721  11879-11963/com.serenegiant.flightdemo V/ScriptVisitorImpl﹕ execute sin:[(val=3.1415926535897927,modifiers=00000040)]
08-20 17:57:49.722  11879-11963/com.serenegiant.flightdemo V/ScriptVisitorImpl﹕ execute cos:[(val=3.1415926535897927,modifiers=00000040)]
08-20 17:57:49.723  11879-11963/com.serenegiant.flightdemo V/ScriptFlight﹕ execute move:[(val=-39.999999999999986,modifiers=00000040), (val=-13.397459621556152,modifiers=00000040), (val=0,modifiers=00000002), (val=0,modifiers=00000002)]
08-20 17:57:49.723  11879-11963/com.serenegiant.flightdemo V/PilotFragment﹕ mAutoFlightListener#onStep:cmd=4,v=-39,t=3371
08-20 17:57:49.723  11879-11963/com.serenegiant.flightdemo V/PilotFragment﹕ mAutoFlightListener#onStep:cmd=5,v=-13,t=3371
08-20 17:57:49.724  11879-11963/com.serenegiant.flightdemo V/ScriptVisitorImpl﹕ execute wait:[(val=416,modifiers=00000010)]
08-20 17:57:50.141  11879-11963/com.serenegiant.flightdemo V/ScriptVisitorImpl﹕ execute sin:[(val=3.6651914291880914,modifiers=00000040)]
08-20 17:57:50.142  11879-11963/com.serenegiant.flightdemo V/ScriptVisitorImpl﹕ execute cos:[(val=3.6651914291880914,modifiers=00000040)]
08-20 17:57:50.143  11879-11963/com.serenegiant.flightdemo V/ScriptFlight﹕ execute move:[(val=-39.99999999999999,modifiers=00000040), (val=13.397459621556095,modifiers=00000040), (val=0,modifiers=00000002), (val=0,modifiers=00000002)]
08-20 17:57:50.143  11879-11963/com.serenegiant.flightdemo V/PilotFragment﹕ mAutoFlightListener#onStep:cmd=5,v=13,t=3791
08-20 17:57:50.153  11879-11963/com.serenegiant.flightdemo V/ScriptVisitorImpl﹕ execute wait:[(val=416,modifiers=00000010)]
08-20 17:57:50.518  11879-11879/com.serenegiant.flightdemo D/BluetoothAdapter﹕ stopLeScan()
08-20 17:57:50.546  11879-11879/com.serenegiant.flightdemo D/ManagerFragment﹕ onServicesDevicesListUpdated ...
08-20 17:57:50.571  11879-11963/com.serenegiant.flightdemo V/ScriptVisitorImpl﹕ execute sin:[(val=4.1887902047863905,modifiers=00000040)]
08-20 17:57:50.571  11879-11963/com.serenegiant.flightdemo V/ScriptVisitorImpl﹕ execute cos:[(val=4.1887902047863905,modifiers=00000040)]
08-20 17:57:50.572  11879-11963/com.serenegiant.flightdemo V/ScriptFlight﹕ execute move:[(val=-29.282032302755134,modifiers=00000040), (val=36.60254037844386,modifiers=00000040), (val=0,modifiers=00000002), (val=0,modifiers=00000002)]
08-20 17:57:50.572  11879-11963/com.serenegiant.flightdemo V/PilotFragment﹕ mAutoFlightListener#onStep:cmd=4,v=-29,t=4220
08-20 17:57:50.582  11879-11963/com.serenegiant.flightdemo V/PilotFragment﹕ mAutoFlightListener#onStep:cmd=5,v=36,t=4230
08-20 17:57:50.582  11879-11963/com.serenegiant.flightdemo V/ScriptVisitorImpl﹕ execute wait:[(val=416,modifiers=00000010)]
08-20 17:57:51.000  11879-11963/com.serenegiant.flightdemo V/ScriptVisitorImpl﹕ execute sin:[(val=4.71238898038469,modifiers=00000040)]
08-20 17:57:51.001  11879-11963/com.serenegiant.flightdemo V/ScriptVisitorImpl﹕ execute cos:[(val=4.71238898038469,modifiers=00000040)]
08-20 17:57:51.001  11879-11963/com.serenegiant.flightdemo V/ScriptFlight﹕ execute move:[(val=-10.717967697244916,modifiers=00000040), (val=50.00000000000002,modifiers=00000040), (val=0,modifiers=00000002), (val=0,modifiers=00000002)]
08-20 17:57:51.002  11879-11963/com.serenegiant.flightdemo V/PilotFragment﹕ mAutoFlightListener#onStep:cmd=4,v=-10,t=4650
08-20 17:57:51.018  11879-11963/com.serenegiant.flightdemo V/PilotFragment﹕ mAutoFlightListener#onStep:cmd=5,v=50,t=4666
08-20 17:57:51.020  11879-11963/com.serenegiant.flightdemo V/ScriptVisitorImpl﹕ execute wait:[(val=416,modifiers=00000010)]
08-20 17:57:51.437  11879-11963/com.serenegiant.flightdemo V/ScriptVisitorImpl﹕ execute sin:[(val=5.235987755982989,modifiers=00000040)]
08-20 17:57:51.438  11879-11963/com.serenegiant.flightdemo V/ScriptVisitorImpl﹕ execute cos:[(val=5.235987755982989,modifiers=00000040)]
08-20 17:57:51.439  11879-11963/com.serenegiant.flightdemo V/ScriptFlight﹕ execute move:[(val=10.717967697244902,modifiers=00000040), (val=50.000000000000036,modifiers=00000040), (val=0,modifiers=00000002), (val=0,modifiers=00000002)]
08-20 17:57:51.439  11879-11963/com.serenegiant.flightdemo V/PilotFragment﹕ mAutoFlightListener#onStep:cmd=4,v=10,t=5087
08-20 17:57:51.452  11879-11963/com.serenegiant.flightdemo V/ScriptVisitorImpl﹕ execute wait:[(val=416,modifiers=00000010)]
08-20 17:57:51.606  11879-12052/com.serenegiant.flightdemo W/ARNETWORK_Receiver﹕ 17:57:51:606 | ARNETWORK_Receiver_ThreadRun:333 - [0xaedd4088] Received an old frame for buffer 14
    --------- beginning of system
08-20 17:57:51.870  11879-11963/com.serenegiant.flightdemo V/ScriptVisitorImpl﹕ execute sin:[(val=5.759586531581288,modifiers=00000040)]
08-20 17:57:51.870  11879-11963/com.serenegiant.flightdemo V/ScriptVisitorImpl﹕ execute cos:[(val=5.759586531581288,modifiers=00000040)]
08-20 17:57:51.870  11879-11963/com.serenegiant.flightdemo V/ScriptFlight﹕ execute move:[(val=29.282032302755127,modifiers=00000040), (val=36.60254037844386,modifiers=00000040), (val=0,modifiers=00000002), (val=0,modifiers=00000002)]
08-20 17:57:51.870  11879-11963/com.serenegiant.flightdemo V/PilotFragment﹕ mAutoFlightListener#onStep:cmd=4,v=29,t=5518
08-20 17:57:51.870  11879-11963/com.serenegiant.flightdemo V/PilotFragment﹕ mAutoFlightListener#onStep:cmd=5,v=36,t=5518
08-20 17:57:51.870  11879-11963/com.serenegiant.flightdemo V/ScriptVisitorImpl﹕ execute wait:[(val=416,modifiers=00000010)]
08-20 17:57:52.090  11879-12052/com.serenegiant.flightdemo W/ARNETWORK_Receiver﹕ 17:57:52:090 | ARNETWORK_Receiver_ThreadRun:333 - [0xaedd4088] Received an old frame for buffer 14
08-20 17:57:52.288  11879-11963/com.serenegiant.flightdemo V/ScriptVisitorImpl﹕ execute sin:[(val=6.283185307179587,modifiers=00000040)]
08-20 17:57:52.289  11879-11963/com.serenegiant.flightdemo V/ScriptVisitorImpl﹕ execute cos:[(val=6.283185307179587,modifiers=00000040)]
08-20 17:57:52.290  11879-11963/com.serenegiant.flightdemo V/ScriptFlight﹕ execute move:[(val=40.00000000000002,modifiers=00000040), (val=13.397459621556123,modifiers=00000040), (val=0,modifiers=00000002), (val=0,modifiers=00000002)]
08-20 17:57:52.300  11879-11963/com.serenegiant.flightdemo V/PilotFragment﹕ mAutoFlightListener#onStep:cmd=4,v=40,t=5938
08-20 17:57:52.302  11879-11963/com.serenegiant.flightdemo V/PilotFragment﹕ mAutoFlightListener#onStep:cmd=5,v=13,t=5950
08-20 17:57:52.309  11879-11963/com.serenegiant.flightdemo V/ScriptVisitorImpl﹕ execute wait:[(val=416,modifiers=00000010)]
08-20 17:57:52.726  11879-11963/com.serenegiant.flightdemo V/ScriptVisitorImpl﹕ execute sin:[(val=6.806784082777886,modifiers=00000040)]
08-20 17:57:52.727  11879-11963/com.serenegiant.flightdemo V/ScriptVisitorImpl﹕ execute cos:[(val=6.806784082777886,modifiers=00000040)]
08-20 17:57:52.728  11879-11963/com.serenegiant.flightdemo V/ScriptFlight﹕ execute move:[(val=40.000000000000014,modifiers=00000040), (val=-13.39745962155618,modifiers=00000040), (val=0,modifiers=00000002), (val=0,modifiers=00000002)]
08-20 17:57:52.728  11879-11963/com.serenegiant.flightdemo V/PilotFragment﹕ mAutoFlightListener#onStep:cmd=5,v=-13,t=6376
08-20 17:57:52.738  11879-11963/com.serenegiant.flightdemo V/ScriptVisitorImpl﹕ execute wait:[(val=416,modifiers=00000010)]
08-20 17:57:53.156  11879-11963/com.serenegiant.flightdemo V/ScriptVisitorImpl﹕ execute sin:[(val=7.330382858376185,modifiers=00000040)]
08-20 17:57:53.157  11879-11963/com.serenegiant.flightdemo V/ScriptVisitorImpl﹕ execute cos:[(val=7.330382858376185,modifiers=00000040)]
08-20 17:57:53.157  11879-11963/com.serenegiant.flightdemo V/ScriptFlight﹕ execute move:[(val=29.28203230275509,modifiers=00000040), (val=-36.602540378443926,modifiers=00000040), (val=0,modifiers=00000002), (val=0,modifiers=00000002)]
08-20 17:57:53.166  11879-11963/com.serenegiant.flightdemo V/PilotFragment﹕ mAutoFlightListener#onStep:cmd=4,v=29,t=6814
08-20 17:57:53.175  11879-11963/com.serenegiant.flightdemo V/PilotFragment﹕ mAutoFlightListener#onStep:cmd=5,v=-36,t=6823
08-20 17:57:53.182  11879-11963/com.serenegiant.flightdemo V/ScriptVisitorImpl﹕ execute wait:[(val=416,modifiers=00000010)]
08-20 17:57:53.598  11879-11963/com.serenegiant.flightdemo V/ScriptVisitorImpl﹕ execute sin:[(val=7.853981633974485,modifiers=00000040)]
08-20 17:57:53.598  11879-11963/com.serenegiant.flightdemo V/ScriptVisitorImpl﹕ execute cos:[(val=7.853981633974485,modifiers=00000040)]
08-20 17:57:53.599  11879-11963/com.serenegiant.flightdemo V/ScriptFlight﹕ execute move:[(val=10.717967697244845,modifiers=00000040), (val=-50.00000000000004,modifiers=00000040), (val=0,modifiers=00000002), (val=0,modifiers=00000002)]
08-20 17:57:53.599  11879-11963/com.serenegiant.flightdemo V/PilotFragment﹕ mAutoFlightListener#onStep:cmd=4,v=10,t=7247
08-20 17:57:53.599  11879-11963/com.serenegiant.flightdemo V/PilotFragment﹕ mAutoFlightListener#onStep:cmd=5,v=-50,t=7247
08-20 17:57:53.599  11879-11963/com.serenegiant.flightdemo V/ScriptVisitorImpl﹕ execute wait:[(val=416,modifiers=00000010)]
08-20 17:57:54.016  11879-11963/com.serenegiant.flightdemo V/ScriptVisitorImpl﹕ execute wait:[(val=1000,modifiers=00200004)]
08-20 17:57:55.017  11879-11963/com.serenegiant.flightdemo V/ScriptVisitorImpl﹕ execute sin:[(val=8.377580409572783,modifiers=00000040)]
08-20 17:57:55.018  11879-11963/com.serenegiant.flightdemo V/ScriptVisitorImpl﹕ execute cos:[(val=8.377580409572783,modifiers=00000040)]
08-20 17:57:55.018  11879-11963/com.serenegiant.flightdemo V/ScriptVisitorImpl﹕ execute sin:[(val=8.377580409572783,modifiers=00000040)]
08-20 17:57:55.019  11879-11963/com.serenegiant.flightdemo V/ScriptVisitorImpl﹕ execute cos:[(val=8.377580409572783,modifiers=00000040)]
08-20 17:57:55.020  11879-11963/com.serenegiant.flightdemo V/ScriptFlight﹕ execute move:[(val=0.0,modifiers=00000040), (val=0.0,modifiers=00000040), (val=0,modifiers=00000002), (val=0,modifiers=00000002)]
08-20 17:57:55.020  11879-11963/com.serenegiant.flightdemo V/PilotFragment﹕ mAutoFlightListener#onStep:cmd=4,v=0,t=8668
08-20 17:57:55.036  11879-11963/com.serenegiant.flightdemo V/PilotFragment﹕ mAutoFlightListener#onStep:cmd=5,v=0,t=8684
08-20 17:57:55.043  11879-11963/com.serenegiant.flightdemo V/ScriptVisitorImpl﹕ execute wait:[(val=416,modifiers=00000010)]
08-20 17:57:55.460  11879-11963/com.serenegiant.flightdemo V/ScriptVisitorImpl﹕ execute sin:[(val=8.901179185171081,modifiers=00000040)]
08-20 17:57:55.461  11879-11963/com.serenegiant.flightdemo V/ScriptVisitorImpl﹕ execute cos:[(val=8.901179185171081,modifiers=00000040)]
08-20 17:57:55.461  11879-11963/com.serenegiant.flightdemo V/ScriptFlight﹕ execute move:[(val=-29.28203230275507,modifiers=00000040), (val=-36.6025403784438,modifiers=00000040), (val=0,modifiers=00000002), (val=0,modifiers=00000002)]
08-20 17:57:55.461  11879-11963/com.serenegiant.flightdemo V/PilotFragment﹕ mAutoFlightListener#onStep:cmd=4,v=-29,t=9109
08-20 17:57:55.471  11879-11963/com.serenegiant.flightdemo V/PilotFragment﹕ mAutoFlightListener#onStep:cmd=5,v=-36,t=9119
08-20 17:57:55.471  11879-11963/com.serenegiant.flightdemo V/ScriptVisitorImpl﹕ execute wait:[(val=416,modifiers=00000010)]
08-20 17:57:55.889  11879-11963/com.serenegiant.flightdemo V/ScriptVisitorImpl﹕ execute sin:[(val=9.42477796076938,modifiers=00000040)]
08-20 17:57:55.889  11879-11963/com.serenegiant.flightdemo V/ScriptVisitorImpl﹕ execute cos:[(val=9.42477796076938,modifiers=00000040)]
08-20 17:57:55.890  11879-11963/com.serenegiant.flightdemo V/ScriptFlight﹕ execute move:[(val=-39.99999999999996,modifiers=00000040), (val=-13.397459621556123,modifiers=00000040), (val=0,modifiers=00000002), (val=0,modifiers=00000002)]
08-20 17:57:55.900  11879-11963/com.serenegiant.flightdemo V/PilotFragment﹕ mAutoFlightListener#onStep:cmd=4,v=-39,t=9538
08-20 17:57:55.903  11879-11963/com.serenegiant.flightdemo V/PilotFragment﹕ mAutoFlightListener#onStep:cmd=5,v=-13,t=9551
08-20 17:57:55.911  11879-11963/com.serenegiant.flightdemo V/ScriptVisitorImpl﹕ execute wait:[(val=416,modifiers=00000010)]
08-20 17:57:56.329  11879-11963/com.serenegiant.flightdemo V/ScriptVisitorImpl﹕ execute sin:[(val=9.948376736367678,modifiers=00000040)]
08-20 17:57:56.329  11879-11963/com.serenegiant.flightdemo V/ScriptVisitorImpl﹕ execute cos:[(val=9.948376736367678,modifiers=00000040)]
08-20 17:57:56.330  11879-11963/com.serenegiant.flightdemo V/ScriptFlight﹕ execute move:[(val=-39.999999999999964,modifiers=00000040), (val=13.39745962155608,modifiers=00000040), (val=0,modifiers=00000002), (val=0,modifiers=00000002)]
08-20 17:57:56.331  11879-11963/com.serenegiant.flightdemo V/PilotFragment﹕ mAutoFlightListener#onStep:cmd=5,v=13,t=9978
08-20 17:57:56.347  11879-11963/com.serenegiant.flightdemo V/ScriptVisitorImpl﹕ execute wait:[(val=416,modifiers=00000010)]
08-20 17:57:56.528  11879-11879/com.serenegiant.flightdemo D/BluetoothAdapter﹕ startLeScan(): null
08-20 17:57:56.555  11879-11895/com.serenegiant.flightdemo D/BluetoothLeScanner﹕ onClientRegistered() - status=0 clientIf=6
08-20 17:57:56.765  11879-11963/com.serenegiant.flightdemo V/ScriptVisitorImpl﹕ execute sin:[(val=10.471975511965976,modifiers=00000040)]
08-20 17:57:56.765  11879-11963/com.serenegiant.flightdemo V/ScriptVisitorImpl﹕ execute cos:[(val=10.471975511965976,modifiers=00000040)]
08-20 17:57:56.766  11879-11963/com.serenegiant.flightdemo V/ScriptFlight﹕ execute move:[(val=-29.28203230275509,modifiers=00000040), (val=36.602540378443784,modifiers=00000040), (val=0,modifiers=00000002), (val=0,modifiers=00000002)]
08-20 17:57:56.766  11879-11963/com.serenegiant.flightdemo V/PilotFragment﹕ mAutoFlightListener#onStep:cmd=4,v=-29,t=10414
08-20 17:57:56.767  11879-11963/com.serenegiant.flightdemo V/PilotFragment﹕ mAutoFlightListener#onStep:cmd=5,v=36,t=10415
08-20 17:57:56.767  11879-11963/com.serenegiant.flightdemo V/ScriptVisitorImpl﹕ execute wait:[(val=416,modifiers=00000010)]
08-20 17:57:57.184  11879-11963/com.serenegiant.flightdemo V/ScriptVisitorImpl﹕ execute sin:[(val=10.995574287564274,modifiers=00000040)]
08-20 17:57:57.185  11879-11963/com.serenegiant.flightdemo V/ScriptVisitorImpl﹕ execute cos:[(val=10.995574287564274,modifiers=00000040)]
08-20 17:57:57.186  11879-11963/com.serenegiant.flightdemo V/ScriptFlight﹕ execute move:[(val=-10.717967697244973,modifiers=00000040), (val=49.999999999999915,modifiers=00000040), (val=0,modifiers=00000002), (val=0,modifiers=00000002)]
08-20 17:57:57.186  11879-11963/com.serenegiant.flightdemo V/PilotFragment﹕ mAutoFlightListener#onStep:cmd=4,v=-10,t=10834
08-20 17:57:57.195  11879-11963/com.serenegiant.flightdemo V/PilotFragment﹕ mAutoFlightListener#onStep:cmd=5,v=49,t=10843
08-20 17:57:57.195  11879-11963/com.serenegiant.flightdemo V/ScriptVisitorImpl﹕ execute wait:[(val=416,modifiers=00000010)]
08-20 17:57:57.613  11879-11963/com.serenegiant.flightdemo V/ScriptVisitorImpl﹕ execute sin:[(val=11.519173063162572,modifiers=00000040)]
08-20 17:57:57.614  11879-11963/com.serenegiant.flightdemo V/ScriptVisitorImpl﹕ execute cos:[(val=11.519173063162572,modifiers=00000040)]
08-20 17:57:57.615  11879-11963/com.serenegiant.flightdemo V/ScriptFlight﹕ execute move:[(val=10.717967697244788,modifiers=00000040), (val=49.99999999999998,modifiers=00000040), (val=0,modifiers=00000002), (val=0,modifiers=00000002)]
08-20 17:57:57.615  11879-11963/com.serenegiant.flightdemo V/PilotFragment﹕ mAutoFlightListener#onStep:cmd=4,v=10,t=11263
08-20 17:57:57.631  11879-11963/com.serenegiant.flightdemo V/ScriptVisitorImpl﹕ execute wait:[(val=416,modifiers=00000010)]
08-20 17:57:58.048  11879-11963/com.serenegiant.flightdemo V/ScriptVisitorImpl﹕ execute sin:[(val=12.04277183876087,modifiers=00000040)]
08-20 17:57:58.049  11879-11963/com.serenegiant.flightdemo V/ScriptVisitorImpl﹕ execute cos:[(val=12.04277183876087,modifiers=00000040)]
08-20 17:57:58.049  11879-11963/com.serenegiant.flightdemo V/ScriptFlight﹕ execute move:[(val=29.28203230275497,modifiers=00000040), (val=36.60254037844393,modifiers=00000040), (val=0,modifiers=00000002), (val=0,modifiers=00000002)]
08-20 17:57:58.050  11879-11963/com.serenegiant.flightdemo V/PilotFragment﹕ mAutoFlightListener#onStep:cmd=4,v=29,t=11698
08-20 17:57:58.061  11879-11963/com.serenegiant.flightdemo V/PilotFragment﹕ mAutoFlightListener#onStep:cmd=5,v=36,t=11709
08-20 17:57:58.067  11879-11963/com.serenegiant.flightdemo V/ScriptVisitorImpl﹕ execute wait:[(val=416,modifiers=00000010)]
08-20 17:57:58.485  11879-11963/com.serenegiant.flightdemo V/ScriptVisitorImpl﹕ execute sin:[(val=12.566370614359169,modifiers=00000040)]
08-20 17:57:58.485  11879-11963/com.serenegiant.flightdemo V/ScriptVisitorImpl﹕ execute cos:[(val=12.566370614359169,modifiers=00000040)]
08-20 17:57:58.486  11879-11963/com.serenegiant.flightdemo V/ScriptFlight﹕ execute move:[(val=39.999999999999915,modifiers=00000040), (val=13.397459621556308,modifiers=00000040), (val=0,modifiers=00000002), (val=0,modifiers=00000002)]
08-20 17:57:58.486  11879-11963/com.serenegiant.flightdemo V/PilotFragment﹕ mAutoFlightListener#onStep:cmd=4,v=39,t=12134
08-20 17:57:58.505  11879-11963/com.serenegiant.flightdemo V/PilotFragment﹕ mAutoFlightListener#onStep:cmd=5,v=13,t=12153
08-20 17:57:58.511  11879-11963/com.serenegiant.flightdemo V/ScriptVisitorImpl﹕ execute wait:[(val=416,modifiers=00000010)]
08-20 17:57:58.929  11879-11963/com.serenegiant.flightdemo V/ScriptVisitorImpl﹕ execute sin:[(val=13.089969389957467,modifiers=00000040)]
08-20 17:57:58.929  11879-11963/com.serenegiant.flightdemo V/ScriptVisitorImpl﹕ execute cos:[(val=13.089969389957467,modifiers=00000040)]
08-20 17:57:58.930  11879-11963/com.serenegiant.flightdemo V/ScriptFlight﹕ execute move:[(val=40.00000000000001,modifiers=00000040), (val=-13.39745962155591,modifiers=00000040), (val=0,modifiers=00000002), (val=0,modifiers=00000002)]
08-20 17:57:58.931  11879-11963/com.serenegiant.flightdemo V/PilotFragment﹕ mAutoFlightListener#onStep:cmd=4,v=40,t=12579
08-20 17:57:58.942  11879-11963/com.serenegiant.flightdemo V/PilotFragment﹕ mAutoFlightListener#onStep:cmd=5,v=-13,t=12590
08-20 17:57:58.963  11879-11963/com.serenegiant.flightdemo V/ScriptVisitorImpl﹕ execute wait:[(val=416,modifiers=00000010)]
08-20 17:57:59.380  11879-11963/com.serenegiant.flightdemo V/ScriptVisitorImpl﹕ execute sin:[(val=13.613568165555765,modifiers=00000040)]
08-20 17:57:59.381  11879-11963/com.serenegiant.flightdemo V/ScriptVisitorImpl﹕ execute cos:[(val=13.613568165555765,modifiers=00000040)]
08-20 17:57:59.382  11879-11963/com.serenegiant.flightdemo V/ScriptFlight﹕ execute move:[(val=29.282032302755205,modifiers=00000040), (val=-36.602540378443635,modifiers=00000040), (val=0,modifiers=00000002), (val=0,modifiers=00000002)]
08-20 17:57:59.382  11879-11963/com.serenegiant.flightdemo V/PilotFragment﹕ mAutoFlightListener#onStep:cmd=4,v=29,t=13030
08-20 17:57:59.397  11879-11963/com.serenegiant.flightdemo V/PilotFragment﹕ mAutoFlightListener#onStep:cmd=5,v=-36,t=13043
08-20 17:57:59.404  11879-11963/com.serenegiant.flightdemo V/ScriptVisitorImpl﹕ execute wait:[(val=416,modifiers=00000010)]
08-20 17:57:59.822  11879-11963/com.serenegiant.flightdemo V/ScriptVisitorImpl﹕ execute sin:[(val=14.137166941154064,modifiers=00000040)]
08-20 17:57:59.822  11879-11963/com.serenegiant.flightdemo V/ScriptVisitorImpl﹕ execute cos:[(val=14.137166941154064,modifiers=00000040)]
08-20 17:57:59.823  11879-11963/com.serenegiant.flightdemo V/ScriptFlight﹕ execute move:[(val=10.717967697245115,modifiers=00000040), (val=-49.999999999999865,modifiers=00000040), (val=0,modifiers=00000002), (val=0,modifiers=00000002)]
08-20 17:57:59.823  11879-11963/com.serenegiant.flightdemo V/PilotFragment﹕ mAutoFlightListener#onStep:cmd=4,v=10,t=13471
08-20 17:57:59.842  11879-11963/com.serenegiant.flightdemo V/PilotFragment﹕ mAutoFlightListener#onStep:cmd=5,v=-49,t=13490
08-20 17:57:59.851  11879-11963/com.serenegiant.flightdemo V/ScriptVisitorImpl﹕ execute wait:[(val=416,modifiers=00000010)]
08-20 17:58:00.269  11879-11963/com.serenegiant.flightdemo V/ScriptVisitorImpl﹕ execute sin:[(val=14.660765716752362,modifiers=00000040)]
08-20 17:58:00.269  11879-11963/com.serenegiant.flightdemo V/ScriptVisitorImpl﹕ execute cos:[(val=14.660765716752362,modifiers=00000040)]
08-20 17:58:00.269  11879-11963/com.serenegiant.flightdemo V/ScriptFlight﹕ execute move:[(val=-10.717967697244646,modifiers=00000040), (val=-50.00000000000003,modifiers=00000040), (val=0,modifiers=00000002), (val=0,modifiers=00000002)]
08-20 17:58:00.269  11879-11963/com.serenegiant.flightdemo V/PilotFragment﹕ mAutoFlightListener#onStep:cmd=4,v=-10,t=13917
08-20 17:58:00.269  11879-11963/com.serenegiant.flightdemo V/PilotFragment﹕ mAutoFlightListener#onStep:cmd=5,v=-50,t=13917
08-20 17:58:00.270  11879-11963/com.serenegiant.flightdemo V/ScriptVisitorImpl﹕ execute wait:[(val=416,modifiers=00000010)]
08-20 17:58:00.529  11879-11879/com.serenegiant.flightdemo D/BluetoothAdapter﹕ stopLeScan()
08-20 17:58:00.688  11879-11963/com.serenegiant.flightdemo V/ScriptVisitorImpl﹕ execute wait:[(val=1000,modifiers=00200004)]
08-20 17:58:01.597  11879-12052/com.serenegiant.flightdemo W/ARNETWORK_Receiver﹕ 17:58:01:597 | ARNETWORK_Receiver_ThreadRun:333 - [0xaedd4088] Received an old frame for buffer 14
08-20 17:58:01.688  11879-11963/com.serenegiant.flightdemo V/ScriptVisitorImpl﹕ execute sin:[(val=15.18436449235066,modifiers=00000040)]
08-20 17:58:01.688  11879-11963/com.serenegiant.flightdemo V/ScriptVisitorImpl﹕ execute cos:[(val=15.18436449235066,modifiers=00000040)]
08-20 17:58:01.688  11879-11963/com.serenegiant.flightdemo V/ScriptVisitorImpl﹕ execute sin:[(val=15.18436449235066,modifiers=00000040)]
08-20 17:58:01.689  11879-11963/com.serenegiant.flightdemo V/ScriptVisitorImpl﹕ execute cos:[(val=15.18436449235066,modifiers=00000040)]
08-20 17:58:01.689  11879-11963/com.serenegiant.flightdemo V/ScriptFlight﹕ execute move:[(val=0.0,modifiers=00000040), (val=0.0,modifiers=00000040), (val=0,modifiers=00000002), (val=0,modifiers=00000002)]
08-20 17:58:01.689  11879-11963/com.serenegiant.flightdemo V/PilotFragment﹕ mAutoFlightListener#onStep:cmd=4,v=0,t=15337
08-20 17:58:01.689  11879-11963/com.serenegiant.flightdemo V/PilotFragment﹕ mAutoFlightListener#onStep:cmd=5,v=0,t=15337
08-20 17:58:01.689  11879-11963/com.serenegiant.flightdemo V/ScriptVisitorImpl﹕ execute wait:[(val=416,modifiers=00000010)]
08-20 17:58:02.036  11879-12052/com.serenegiant.flightdemo W/ARNETWORK_Receiver﹕ 17:58:02:036 | ARNETWORK_Receiver_ThreadRun:333 - [0xaedd4088] Received an old frame for buffer 14
08-20 17:58:02.107  11879-11963/com.serenegiant.flightdemo V/ScriptVisitorImpl﹕ execute sin:[(val=15.707963267948958,modifiers=00000040)]
08-20 17:58:02.107  11879-11963/com.serenegiant.flightdemo V/ScriptVisitorImpl﹕ execute cos:[(val=15.707963267948958,modifiers=00000040)]
08-20 17:58:02.108  11879-11963/com.serenegiant.flightdemo V/ScriptFlight﹕ execute move:[(val=-39.99999999999987,modifiers=00000040), (val=-13.397459621556493,modifiers=00000040), (val=0,modifiers=00000002), (val=0,modifiers=00000002)]
08-20 17:58:02.109  11879-11963/com.serenegiant.flightdemo V/PilotFragment﹕ mAutoFlightListener#onStep:cmd=4,v=-39,t=15756
08-20 17:58:02.126  11879-11963/com.serenegiant.flightdemo V/PilotFragment﹕ mAutoFlightListener#onStep:cmd=5,v=-13,t=15774
08-20 17:58:02.126  11879-11963/com.serenegiant.flightdemo V/ScriptVisitorImpl﹕ execute wait:[(val=416,modifiers=00000010)]
08-20 17:58:02.565  11879-11963/com.serenegiant.flightdemo V/ScriptVisitorImpl﹕ execute sin:[(val=16.231562043547257,modifiers=00000040)]
08-20 17:58:02.566  11879-11963/com.serenegiant.flightdemo V/ScriptVisitorImpl﹕ execute cos:[(val=16.231562043547257,modifiers=00000040)]
08-20 17:58:02.567  11879-11963/com.serenegiant.flightdemo V/ScriptFlight﹕ execute move:[(val=-40.00000000000004,modifiers=00000040), (val=13.397459621555726,modifiers=00000040), (val=0,modifiers=00000002), (val=0,modifiers=00000002)]
08-20 17:58:02.567  11879-11963/com.serenegiant.flightdemo V/PilotFragment﹕ mAutoFlightListener#onStep:cmd=4,v=-40,t=16215
08-20 17:58:02.601  11879-11963/com.serenegiant.flightdemo V/PilotFragment﹕ mAutoFlightListener#onStep:cmd=5,v=13,t=16215
08-20 17:58:02.601  11879-11963/com.serenegiant.flightdemo V/ScriptVisitorImpl﹕ execute wait:[(val=416,modifiers=00000010)]
08-20 17:58:03.019  11879-11963/com.serenegiant.flightdemo V/ScriptVisitorImpl﹕ execute sin:[(val=16.755160819145555,modifiers=00000040)]
08-20 17:58:03.019  11879-11963/com.serenegiant.flightdemo V/ScriptVisitorImpl﹕ execute cos:[(val=16.755160819145555,modifiers=00000040)]
08-20 17:58:03.020  11879-11963/com.serenegiant.flightdemo V/ScriptFlight﹕ execute move:[(val=-29.28203230275532,modifiers=00000040), (val=36.6025403784435,modifiers=00000040), (val=0,modifiers=00000002), (val=0,modifiers=00000002)]
08-20 17:58:03.020  11879-11963/com.serenegiant.flightdemo V/PilotFragment﹕ mAutoFlightListener#onStep:cmd=4,v=-29,t=16668
08-20 17:58:03.034  11879-11963/com.serenegiant.flightdemo V/PilotFragment﹕ mAutoFlightListener#onStep:cmd=5,v=36,t=16682
08-20 17:58:03.041  11879-11963/com.serenegiant.flightdemo V/ScriptVisitorImpl﹕ execute wait:[(val=416,modifiers=00000010)]
08-20 17:58:03.458  11879-11963/com.serenegiant.flightdemo V/ScriptVisitorImpl﹕ execute sin:[(val=17.278759594743853,modifiers=00000040)]
08-20 17:58:03.458  11879-11963/com.serenegiant.flightdemo V/ScriptVisitorImpl﹕ execute cos:[(val=17.278759594743853,modifiers=00000040)]
08-20 17:58:03.459  11879-11963/com.serenegiant.flightdemo V/ScriptFlight﹕ execute move:[(val=-10.717967697245257,modifiers=00000040), (val=49.99999999999982,modifiers=00000040), (val=0,modifiers=00000002), (val=0,modifiers=00000002)]
08-20 17:58:03.459  11879-11963/com.serenegiant.flightdemo V/PilotFragment﹕ mAutoFlightListener#onStep:cmd=4,v=-10,t=17107
08-20 17:58:03.480  11879-11963/com.serenegiant.flightdemo V/PilotFragment﹕ mAutoFlightListener#onStep:cmd=5,v=49,t=17128
08-20 17:58:03.488  11879-11963/com.serenegiant.flightdemo V/ScriptVisitorImpl﹕ execute wait:[(val=416,modifiers=00000010)]
08-20 17:58:03.906  11879-11963/com.serenegiant.flightdemo V/ScriptVisitorImpl﹕ execute sin:[(val=17.80235837034215,modifiers=00000040)]
08-20 17:58:03.906  11879-11963/com.serenegiant.flightdemo V/ScriptVisitorImpl﹕ execute cos:[(val=17.80235837034215,modifiers=00000040)]
08-20 17:58:03.907  11879-11963/com.serenegiant.flightdemo V/ScriptFlight﹕ execute move:[(val=10.717967697244504,modifiers=00000040), (val=50.00000000000007,modifiers=00000040), (val=0,modifiers=00000002), (val=0,modifiers=00000002)]
08-20 17:58:03.907  11879-11963/com.serenegiant.flightdemo V/PilotFragment﹕ mAutoFlightListener#onStep:cmd=4,v=10,t=17555
08-20 17:58:03.916  11879-11963/com.serenegiant.flightdemo V/PilotFragment﹕ mAutoFlightListener#onStep:cmd=5,v=50,t=17564
08-20 17:58:03.929  11879-11963/com.serenegiant.flightdemo V/ScriptVisitorImpl﹕ execute wait:[(val=416,modifiers=00000010)]
08-20 17:58:04.346  11879-11963/com.serenegiant.flightdemo V/ScriptVisitorImpl﹕ execute sin:[(val=18.32595714594045,modifiers=00000040)]
08-20 17:58:04.346  11879-11963/com.serenegiant.flightdemo V/ScriptVisitorImpl﹕ execute cos:[(val=18.32595714594045,modifiers=00000040)]
08-20 17:58:04.347  11879-11963/com.serenegiant.flightdemo V/ScriptFlight﹕ execute move:[(val=29.28203230275475,modifiers=00000040), (val=36.6025403784442,modifiers=00000040), (val=0,modifiers=00000002), (val=0,modifiers=00000002)]
08-20 17:58:04.347  11879-11963/com.serenegiant.flightdemo V/PilotFragment﹕ mAutoFlightListener#onStep:cmd=4,v=29,t=17995
08-20 17:58:04.358  11879-11963/com.serenegiant.flightdemo V/PilotFragment﹕ mAutoFlightListener#onStep:cmd=5,v=36,t=18006
08-20 17:58:04.367  11879-11963/com.serenegiant.flightdemo V/ScriptVisitorImpl﹕ execute wait:[(val=416,modifiers=00000010)]
08-20 17:58:04.794  11879-11963/com.serenegiant.flightdemo V/ScriptVisitorImpl﹕ execute sin:[(val=18.849555921538748,modifiers=00000040)]
08-20 17:58:04.794  11879-11963/com.serenegiant.flightdemo V/ScriptVisitorImpl﹕ execute cos:[(val=18.849555921538748,modifiers=00000040)]
08-20 17:58:04.795  11879-11963/com.serenegiant.flightdemo V/ScriptFlight﹕ execute move:[(val=39.99999999999984,modifiers=00000040), (val=13.397459621556678,modifiers=00000040), (val=0,modifiers=00000002), (val=0,modifiers=00000002)]
08-20 17:58:04.795  11879-11963/com.serenegiant.flightdemo V/PilotFragment﹕ mAutoFlightListener#onStep:cmd=4,v=39,t=18443
08-20 17:58:04.813  11879-11963/com.serenegiant.flightdemo V/PilotFragment﹕ mAutoFlightListener#onStep:cmd=5,v=13,t=18461
08-20 17:58:04.820  11879-11963/com.serenegiant.flightdemo V/ScriptVisitorImpl﹕ execute wait:[(val=416,modifiers=00000010)]
08-20 17:58:05.237  11879-11963/com.serenegiant.flightdemo V/ScriptVisitorImpl﹕ execute sin:[(val=19.373154697137046,modifiers=00000040)]
08-20 17:58:05.238  11879-11963/com.serenegiant.flightdemo V/ScriptVisitorImpl﹕ execute cos:[(val=19.373154697137046,modifiers=00000040)]
08-20 17:58:05.239  11879-11963/com.serenegiant.flightdemo V/ScriptFlight﹕ execute move:[(val=40.000000000000085,modifiers=00000040), (val=-13.39745962155554,modifiers=00000040), (val=0,modifiers=00000002), (val=0,modifiers=00000002)]
08-20 17:58:05.239  11879-11963/com.serenegiant.flightdemo V/PilotFragment﹕ mAutoFlightListener#onStep:cmd=4,v=40,t=18887
08-20 17:58:05.249  11879-11963/com.serenegiant.flightdemo V/PilotFragment﹕ mAutoFlightListener#onStep:cmd=5,v=-13,t=18897
08-20 17:58:05.263  11879-11963/com.serenegiant.flightdemo V/ScriptVisitorImpl﹕ execute wait:[(val=416,modifiers=00000010)]
08-20 17:58:05.680  11879-11963/com.serenegiant.flightdemo V/ScriptVisitorImpl﹕ execute sin:[(val=19.896753472735345,modifiers=00000040)]
08-20 17:58:05.680  11879-11963/com.serenegiant.flightdemo V/ScriptVisitorImpl﹕ execute cos:[(val=19.896753472735345,modifiers=00000040)]
08-20 17:58:05.681  11879-11963/com.serenegiant.flightdemo V/ScriptFlight﹕ execute move:[(val=29.28203230275541,modifiers=00000040), (val=-36.60254037844337,modifiers=00000040), (val=0,modifiers=00000002), (val=0,modifiers=00000002)]
08-20 17:58:05.682  11879-11963/com.serenegiant.flightdemo V/PilotFragment﹕ mAutoFlightListener#onStep:cmd=4,v=29,t=19329
08-20 17:58:05.696  11879-11963/com.serenegiant.flightdemo V/PilotFragment﹕ mAutoFlightListener#onStep:cmd=5,v=-36,t=19344
08-20 17:58:05.704  11879-11963/com.serenegiant.flightdemo V/ScriptVisitorImpl﹕ execute wait:[(val=416,modifiers=00000010)]
08-20 17:58:06.122  11879-11963/com.serenegiant.flightdemo V/ScriptVisitorImpl﹕ execute sin:[(val=20.420352248333643,modifiers=00000040)]
08-20 17:58:06.122  11879-11963/com.serenegiant.flightdemo V/ScriptVisitorImpl﹕ execute cos:[(val=20.420352248333643,modifiers=00000040)]
08-20 17:58:06.123  11879-11963/com.serenegiant.flightdemo V/ScriptFlight﹕ execute move:[(val=10.717967697245413,modifiers=00000040), (val=-49.999999999999766,modifiers=00000040), (val=0,modifiers=00000002), (val=0,modifiers=00000002)]
08-20 17:58:06.123  11879-11963/com.serenegiant.flightdemo V/PilotFragment﹕ mAutoFlightListener#onStep:cmd=4,v=10,t=19771
08-20 17:58:06.142  11879-11963/com.serenegiant.flightdemo V/PilotFragment﹕ mAutoFlightListener#onStep:cmd=5,v=-49,t=19789
08-20 17:58:06.148  11879-11963/com.serenegiant.flightdemo V/ScriptVisitorImpl﹕ execute wait:[(val=416,modifiers=00000010)]
08-20 17:58:06.561  11879-11879/com.serenegiant.flightdemo D/BluetoothAdapter﹕ startLeScan(): null
08-20 17:58:06.576  11879-11963/com.serenegiant.flightdemo V/ScriptVisitorImpl﹕ execute sin:[(val=20.94395102393194,modifiers=00000040)]
08-20 17:58:06.577  11879-11963/com.serenegiant.flightdemo V/ScriptVisitorImpl﹕ execute cos:[(val=20.94395102393194,modifiers=00000040)]
08-20 17:58:06.585  11879-11895/com.serenegiant.flightdemo D/BluetoothLeScanner﹕ onClientRegistered() - status=0 clientIf=6
08-20 17:58:06.615  11879-11963/com.serenegiant.flightdemo V/ScriptFlight﹕ execute move:[(val=-10.717967697244347,modifiers=00000040), (val=-50.00000000000012,modifiers=00000040), (val=0,modifiers=00000002), (val=0,modifiers=00000002)]
08-20 17:58:06.617  11879-11963/com.serenegiant.flightdemo V/PilotFragment﹕ mAutoFlightListener#onStep:cmd=4,v=-10,t=20265
08-20 17:58:06.617  11879-11963/com.serenegiant.flightdemo V/PilotFragment﹕ mAutoFlightListener#onStep:cmd=5,v=-50,t=20265
08-20 17:58:06.619  11879-11963/com.serenegiant.flightdemo V/ScriptVisitorImpl﹕ execute wait:[(val=416,modifiers=00000010)]
08-20 17:58:07.037  11879-11963/com.serenegiant.flightdemo V/ScriptVisitorImpl﹕ execute sin:[(val=21.46754979953024,modifiers=00000040)]
08-20 17:58:07.037  11879-11963/com.serenegiant.flightdemo V/ScriptVisitorImpl﹕ execute cos:[(val=21.46754979953024,modifiers=00000040)]
08-20 17:58:07.038  11879-11963/com.serenegiant.flightdemo V/ScriptFlight﹕ execute move:[(val=-29.282032302754644,modifiers=00000040), (val=-36.60254037844434,modifiers=00000040), (val=0,modifiers=00000002), (val=0,modifiers=00000002)]
08-20 17:58:07.039  11879-11963/com.serenegiant.flightdemo V/PilotFragment﹕ mAutoFlightListener#onStep:cmd=4,v=-29,t=20687
08-20 17:58:07.047  11879-11963/com.serenegiant.flightdemo V/PilotFragment﹕ mAutoFlightListener#onStep:cmd=5,v=-36,t=20694
08-20 17:58:07.057  11879-11963/com.serenegiant.flightdemo V/ScriptVisitorImpl﹕ execute wait:[(val=416,modifiers=00000010)]
08-20 17:58:07.476  11879-11963/com.serenegiant.flightdemo V/ScriptFlight﹕ execute move:[(val=0,modifiers=00000002), (val=0,modifiers=00000002), (val=0,modifiers=00000002), (val=0,modifiers=00000002)]
08-20 17:58:07.477  11879-11963/com.serenegiant.flightdemo V/PilotFragment﹕ mAutoFlightListener#onStep:cmd=4,v=0,t=21125
08-20 17:58:07.487  11879-11963/com.serenegiant.flightdemo V/PilotFragment﹕ mAutoFlightListener#onStep:cmd=5,v=0,t=21135
08-20 17:58:07.490  11879-11963/com.serenegiant.flightdemo V/ScriptVisitorImpl﹕ execute wait:[(val=1000,modifiers=00200004)]
08-20 17:58:08.492  11879-11963/com.serenegiant.flightdemo V/ScriptFlight﹕ execute landing:[]
08-20 17:58:08.492  11879-11963/com.serenegiant.flightdemo V/PilotFragment﹕ mAutoFlightListener#onStep:cmd=2,v=0,t=22140
08-20 17:58:08.492  11879-11963/com.serenegiant.flightdemo V/PilotFragment﹕ mAutoFlightListener#onStop:
08-20 17:58:08.492  11879-11963/com.serenegiant.flightdemo V/PilotFragment﹕ stopPlay:
08-20 17:58:08.492  11879-11963/com.serenegiant.flightdemo V/PilotFragment﹕ stopScript:
08-20 17:58:08.492  11879-11963/com.serenegiant.flightdemo V/ControlFragment﹕ stopMove:
08-20 17:58:10.564  11879-11879/com.serenegiant.flightdemo D/BluetoothAdapter﹕ stopLeScan()
08-20 17:58:13.766  11879-11879/com.serenegiant.flightdemo I/MainActivity﹕ #onBackPressed:popBackStack
08-20 17:58:13.768  11879-11879/com.serenegiant.flightdemo V/PilotFragment﹕ onPause:
08-20 17:58:13.768  11879-11879/com.serenegiant.flightdemo V/PilotFragment﹕ removeSideMenu:
08-20 17:58:13.769  11879-11879/com.serenegiant.flightdemo V/MainActivity﹕ setSideMenuEnable:false
08-20 17:58:13.771  11879-11879/com.serenegiant.flightdemo V/PilotFragment﹕ stopRecord:
08-20 17:58:13.771  11879-11879/com.serenegiant.flightdemo V/PilotFragment﹕ stopPlay:
08-20 17:58:13.771  11879-11879/com.serenegiant.flightdemo V/PilotFragment﹕ stopScript:
08-20 17:58:13.772  11879-11879/com.serenegiant.flightdemo V/ControlFragment﹕ onPause:
08-20 17:58:13.779  11879-11879/com.serenegiant.flightdemo D/ConnectionFragment﹕ onResume:
08-20 17:58:14.076  11879-11879/com.serenegiant.flightdemo V/PilotFragment﹕ onDestroy:
08-20 17:58:14.076  11879-11879/com.serenegiant.flightdemo V/ControlFragment﹕ stopDeviceController:
08-20 17:58:14.103  11879-11879/com.serenegiant.flightdemo V/FlightRecorder﹕ stop:
08-20 17:58:14.103  11879-11879/com.serenegiant.flightdemo V/ControlFragment﹕ onDestroy:
08-20 17:58:14.103  11879-11879/com.serenegiant.flightdemo V/PilotFragment﹕ onDetach:
08-20 17:58:14.103  11879-11879/com.serenegiant.flightdemo V/MainActivity﹕ setSideMenuEnable:false
08-20 17:58:14.103  11879-11879/com.serenegiant.flightdemo V/ControlFragment﹕ onDetach:
08-20 17:58:15.163  11879-12355/com.serenegiant.flightdemo W/JNIBLENetwork﹕ 17:58:15:163 | ARNETWORKAL_JNIBLENetwork_Delete:380 -  BLENetwork_Delete
08-20 17:58:15.163  11879-12355/com.serenegiant.flightdemo D/BluetoothManager﹕ getConnectionState()
08-20 17:58:15.163  11879-12355/com.serenegiant.flightdemo D/BluetoothManager﹕ getConnectedDevices
08-20 17:58:15.167  11879-12355/com.serenegiant.flightdemo D/BluetoothGatt﹕ cancelOpen() - device: E0:14:D7:1B:3D:78
08-20 17:58:15.172  11879-11896/com.serenegiant.flightdemo D/BluetoothGatt﹕ onClientConnectionState() - status=0 clientIf=5 device=E0:14:D7:1B:3D:78
08-20 17:58:15.172  11879-11896/com.serenegiant.flightdemo W/ARSALBLEManager﹕ 17:58:15:172 | ARSAL_Java_Log:36 - onConnectionStateChange : status = 0 newState = 0
08-20 17:58:16.615  11879-11879/com.serenegiant.flightdemo D/BluetoothAdapter﹕ startLeScan(): null
08-20 17:58:16.622  11879-12027/com.serenegiant.flightdemo D/BluetoothLeScanner﹕ onClientRegistered() - status=0 clientIf=6
08-20 17:58:16.694  11879-11879/com.serenegiant.flightdemo I/ManagerFragment﹕ onPause:
08-20 17:58:16.694  11879-11879/com.serenegiant.flightdemo D/ManagerFragment﹕ closeServices ...
08-20 17:58:16.695  11879-11879/com.serenegiant.flightdemo D/ConnectionFragment﹕ onPause:
08-20 17:58:16.696  11879-12377/com.serenegiant.flightdemo W/ARDiscoveryBLEDiscoveryImpl﹕ 17:58:16:695 | ARSAL_Java_Log:36 - BLEScanningTask stop
08-20 17:58:16.696  11879-12377/com.serenegiant.flightdemo D/BluetoothAdapter﹕ stopLeScan()
